Loading and preprocessing data...
Starting EM Clustering with K=10...
No. of Iteration: 1, Log-Likelihood Diff: inf
No. of Iteration: 2, Log-Likelihood Diff: 128225727.3240387440
No. of Iteration: 3, Log-Likelihood Diff: 376598.2082402948
No. of Iteration: 4, Log-Likelihood Diff: 163991.5819879621
No. of Iteration: 5, Log-Likelihood Diff: 95151.6267182883
No. of Iteration: 6, Log-Likelihood Diff: 58176.8055048939
No. of Iteration: 7, Log-Likelihood Diff: 29920.8875470236
No. of Iteration: 8, Log-Likelihood Diff: 15839.3022692241
No. of Iteration: 9, Log-Likelihood Diff: 10385.2296085432
No. of Iteration: 10, Log-Likelihood Diff: 8503.1973265521
No. of Iteration: 11, Log-Likelihood Diff: 6811.1894353367
No. of Iteration: 12, Log-Likelihood Diff: 5688.4481898211
No. of Iteration: 13, Log-Likelihood Diff: 4841.4196333103
No. of Iteration: 14, Log-Likelihood Diff: 4627.6327092331
No. of Iteration: 15, Log-Likelihood Diff: 4727.0621992107
No. of Iteration: 16, Log-Likelihood Diff: 5378.6407939699
No. of Iteration: 17, Log-Likelihood Diff: 5858.2308631912
No. of Iteration: 18, Log-Likelihood Diff: 7004.5043625887
No. of Iteration: 19, Log-Likelihood Diff: 8644.4265081156
No. of Iteration: 20, Log-Likelihood Diff: 10932.4078794848
No. of Iteration: 21, Log-Likelihood Diff: 9922.0677434597
No. of Iteration: 22, Log-Likelihood Diff: 6898.8907032795
No. of Iteration: 23, Log-Likelihood Diff: 4601.3150891028
No. of Iteration: 24, Log-Likelihood Diff: 3600.9296116401
No. of Iteration: 25, Log-Likelihood Diff: 3245.9985361919
No. of Iteration: 26, Log-Likelihood Diff: 2350.3645844702
No. of Iteration: 27, Log-Likelihood Diff: 1419.5471720975
No. of Iteration: 28, Log-Likelihood Diff: 857.1212414354
No. of Iteration: 29, Log-Likelihood Diff: 562.0501538236
No. of Iteration: 30, Log-Likelihood Diff: 355.4422624055
No. of Iteration: 31, Log-Likelihood Diff: 224.2834387217
No. of Iteration: 32, Log-Likelihood Diff: 184.3314414825
No. of Iteration: 33, Log-Likelihood Diff: 118.0095034987
No. of Iteration: 34, Log-Likelihood Diff: 94.8036134802
No. of Iteration: 35, Log-Likelihood Diff: 90.2542375643
No. of Iteration: 36, Log-Likelihood Diff: 63.1371808592
No. of Iteration: 37, Log-Likelihood Diff: 57.0359018184
No. of Iteration: 38, Log-Likelihood Diff: 35.9096923806
No. of Iteration: 39, Log-Likelihood Diff: 22.8032399677
No. of Iteration: 40, Log-Likelihood Diff: 15.1773627512
No. of Iteration: 41, Log-Likelihood Diff: 10.7925835568
No. of Iteration: 42, Log-Likelihood Diff: 9.1524422336
No. of Iteration: 43, Log-Likelihood Diff: 9.0413884483
No. of Iteration: 44, Log-Likelihood Diff: 5.8620171491
No. of Iteration: 45, Log-Likelihood Diff: 4.2989149783
No. of Iteration: 46, Log-Likelihood Diff: 3.3996252846
No. of Iteration: 47, Log-Likelihood Diff: 2.8650166318
No. of Iteration: 48, Log-Likelihood Diff: 2.5839983914
No. of Iteration: 49, Log-Likelihood Diff: 2.5807973184
No. of Iteration: 50, Log-Likelihood Diff: 2.4493763354
No. of Iteration: 51, Log-Likelihood Diff: 1.5356851462
No. of Iteration: 52, Log-Likelihood Diff: 1.0701270737
No. of Iteration: 53, Log-Likelihood Diff: 0.8940577041
No. of Iteration: 54, Log-Likelihood Diff: 0.9031334594
No. of Iteration: 55, Log-Likelihood Diff: 1.2845621835
No. of Iteration: 56, Log-Likelihood Diff: 1.4677575678
No. of Iteration: 57, Log-Likelihood Diff: 0.9186678417
No. of Iteration: 58, Log-Likelihood Diff: 0.5945677832
No. of Iteration: 59, Log-Likelihood Diff: 0.4907557368
No. of Iteration: 60, Log-Likelihood Diff: 0.4325925261
No. of Iteration: 61, Log-Likelihood Diff: 0.3860777784
No. of Iteration: 62, Log-Likelihood Diff: 0.3476060126
No. of Iteration: 63, Log-Likelihood Diff: 0.3203152549
No. of Iteration: 64, Log-Likelihood Diff: 0.3201883174
No. of Iteration: 65, Log-Likelihood Diff: 0.4374170527
No. of Iteration: 66, Log-Likelihood Diff: 1.1864937618
No. of Iteration: 67, Log-Likelihood Diff: 2.1237136386
No. of Iteration: 68, Log-Likelihood Diff: 0.6014214847
No. of Iteration: 69, Log-Likelihood Diff: 0.2089014053
No. of Iteration: 70, Log-Likelihood Diff: 0.1868885811
No. of Iteration: 71, Log-Likelihood Diff: 0.1731100604
No. of Iteration: 72, Log-Likelihood Diff: 0.1649470255
No. of Iteration: 73, Log-Likelihood Diff: 0.1635860018
No. of Iteration: 74, Log-Likelihood Diff: 0.1688793506
No. of Iteration: 75, Log-Likelihood Diff: 0.1750827860
No. of Iteration: 76, Log-Likelihood Diff: 0.1705370564
No. of Iteration: 77, Log-Likelihood Diff: 0.1505915634
No. of Iteration: 78, Log-Likelihood Diff: 0.1264332738
No. of Iteration: 79, Log-Likelihood Diff: 0.1092231367
No. of Iteration: 80, Log-Likelihood Diff: 0.0993583295
No. of Iteration: 81, Log-Likelihood Diff: 0.0930702444
No. of Iteration: 82, Log-Likelihood Diff: 0.0874031782
No. of Iteration: 83, Log-Likelihood Diff: 0.0805811677
No. of Iteration: 84, Log-Likelihood Diff: 0.0720064808
No. of Iteration: 85, Log-Likelihood Diff: 0.0624376610
No. of Iteration: 86, Log-Likelihood Diff: 0.0533706341
No. of Iteration: 87, Log-Likelihood Diff: 0.0458777901
No. of Iteration: 88, Log-Likelihood Diff: 0.0401133858
No. of Iteration: 89, Log-Likelihood Diff: 0.0356807057
No. of Iteration: 90, Log-Likelihood Diff: 0.0321212076
No. of Iteration: 91, Log-Likelihood Diff: 0.0291172154
No. of Iteration: 92, Log-Likelihood Diff: 0.0264896527
No. of Iteration: 93, Log-Likelihood Diff: 0.0241440572
No. of Iteration: 94, Log-Likelihood Diff: 0.0220286269
No. of Iteration: 95, Log-Likelihood Diff: 0.0201114491
No. of Iteration: 96, Log-Likelihood Diff: 0.0183698907
No. of Iteration: 97, Log-Likelihood Diff: 0.0167860091
No. of Iteration: 98, Log-Likelihood Diff: 0.0153445769
No. of Iteration: 99, Log-Likelihood Diff: 0.0140321907
No. of Iteration: 100, Log-Likelihood Diff: 0.0128368791

--- Final Evaluation and Output ---

Confusion Matrix 0:
                    Predict number 0 Predict not number 0
Is number 0                4399                  1524
Isn't number 0                 239                 53838
Sensitivity (Successfully predict number 0): 0.74270
Specificity (Successfully predict not number 0): 0.99558

Labeled class 0 (from Cluster 8):
0000000000000000000000000000
0000000000000000000000000000
0000000000000000000000000000
0000000000000000000000000000
0000000000000000000000000000
0000000000000011110000000000
0000000000001111111100000000
0000000000011111111110000000
0000000000111111111111000000
0000000001111100000111000000
0000000001111000000011100000
0000000011110000000011100000
0000000111100000000011100000
0000000111000000000011100000
0000001111000000000011100000
0000001110000000000011100000
0000001110000000000011100000
0000001110000000000111000000
0000001110000000001110000000
0000001111000000011110000000
0000001111100011111100000000
0000000111111111111000000000
0000000011111111100000000000
0000000000111100000000000000
0000000000000000000000000000
0000000000000000000000000000
0000000000000000000000000000
0000000000000000000000000000

Confusion Matrix 1:
                    Predict number 1 Predict not number 1
Is number 1                6053                   689
Isn't number 1                1044                 52214
Sensitivity (Successfully predict number 1): 0.89780
Specificity (Successfully predict not number 1): 0.98040

Labeled class 1 (from Cluster 3):
0000000000000000000000000000
0000000000000000000000000000
0000000000000000000000000000
0000000000000000000000000000
0000000000000000000000000000
0000000000000000000000000000
0000000000000000000000000000
0000000000000001100000000000
0000000000000011100000000000
0000000000000011100000000000
0000000000000011100000000000
0000000000000011100000000000
0000000000000111000000000000
0000000000000111000000000000
0000000000000111000000000000
0000000000000111000000000000
0000000000000111000000000000
0000000000001110000000000000
0000000000001110000000000000
0000000000001110000000000000
0000000000001110000000000000
0000000000001100000000000000
0000000000000000000000000000
0000000000000000000000000000
0000000000000000000000000000
0000000000000000000000000000
0000000000000000000000000000
0000000000000000000000000000

Confusion Matrix 2:
                    Predict number 2 Predict not number 2
Is number 2                4476                  1482
Isn't number 2                 440                 53602
Sensitivity (Successfully predict number 2): 0.75126
Specificity (Successfully predict not number 2): 0.99186

Labeled class 2 (from Cluster 4):
0000000000000000000000000000
0000000000000000000000000000
0000000000000000000000000000
0000000000000000000000000000
0000000000000111100000000000
0000000000011111110000000000
0000000000011111111000000000
0000000000000000111000000000
0000000000000000011000000000
0000000000000000011100000000
0000000000000000011100000000
0000000000000000011000000000
0000000000000000011000000000
0000000000000000111000000000
0000000000000001110000000000
0000000000001111110000000000
0000000000111111110000000000
0000000001111111110000000000
0000000011111111111000000000
0000000111111111111100000000
0000000111111111111000000000
0000000111111100000000000000
0000000000000000000000000000
0000000000000000000000000000
0000000000000000000000000000
0000000000000000000000000000
0000000000000000000000000000
0000000000000000000000000000

Confusion Matrix 3:
                    Predict number 3 Predict not number 3
Is number 3                3653                  2478
Isn't number 3                3114                 50755
Sensitivity (Successfully predict number 3): 0.59582
Specificity (Successfully predict not number 3): 0.94219

Labeled class 3 (from Cluster 1):
0000000000000000000000000000
0000000000000000000000000000
0000000000000000000000000000
0000000000000000000000000000
0000000000000000000000000000
0000000000011111100000000000
0000000001111111110000000000
0000000001111111110000000000
0000000000000000010000000000
0000000000000000000000000000
0000000000000000000000000000
0000000000000011100000000000
0000000000011111110000000000
0000000000111111110000000000
0000000000011111111000000000
0000000000000000011100000000
0000000000000000001100000000
0000000000000000000110000000
0000000000000000000110000000
0000000000000000001110000000
0000000000000000011100000000
0000000000110001111100000000
0000000001111111111000000000
0000000000111111100000000000
0000000000000000000000000000
0000000000000000000000000000
0000000000000000000000000000
0000000000000000000000000000

Confusion Matrix 4:
                    Predict number 4 Predict not number 4
Is number 4                1579                  4263
Isn't number 4                3112                 51046
Sensitivity (Successfully predict number 4): 0.27028
Specificity (Successfully predict not number 4): 0.94254

Labeled class 4 (from Cluster 9):
0000000000000000000000000000
0000000000000000000000000000
0000000000000000000000000000
0000000000000000000000000000
0000000000000000000000000000
0000000000000000000000000000
0000000000000000000000000000
0000000000100000000000000000
0000000001100000000000000000
0000000011100000000000000000
0000000111000000000000000000
0000000111000000001100000000
0000000110000000001100000000
0000000110000000011100000000
0000000110000000111100000000
0000000111000111111100000000
0000000111111111111100000000
0000000011111110011100000000
0000000000000000011100000000
0000000000000000011100000000
0000000000000000011100000000
0000000000000000000000000000
0000000000000000000000000000
0000000000000000000000000000
0000000000000000000000000000
0000000000000000000000000000
0000000000000000000000000000
0000000000000000000000000000

Confusion Matrix 5:
                    Predict number 5 Predict not number 5
Is number 5                1692                  3729
Isn't number 5                3971                 50608
Sensitivity (Successfully predict number 5): 0.31212
Specificity (Successfully predict not number 5): 0.92724

Labeled class 5 (from Cluster 7):
0000000000000000000000000000
0000000000000000000000000000
0000000000000000000000000000
0000000000000000000000000000
0000000000000000000000000000
0000000000000000000000000000
0000000000000000000100000000
0000000000000000011110000000
0000000000000011111110000000
0000000000000111001110000000
0000000000001110000000000000
0000000000011100000000000000
0000000000011000000000000000
0000000000111000000000000000
0000000000111111100000000000
0000000000011111000000000000
0000000000000111000000000000
0000000000000000000000000000
0000000000000010000000000000
0000000000000111000000000000
0000000011111110000000000000
0000000011111100000000000000
0000000011110000000000000000
0000000000000000000000000000
0000000000000000000000000000
0000000000000000000000000000
0000000000000000000000000000
0000000000000000000000000000

Confusion Matrix 6:
                    Predict number 6 Predict not number 6
Is number 6                4227                  1691
Isn't number 6                 451                 53631
Sensitivity (Successfully predict number 6): 0.71426
Specificity (Successfully predict not number 6): 0.99166

Labeled class 6 (from Cluster 5):
0000000000000000000000000000
0000000000000000000000000000
0000000000000000000000000000
0000000000000000000000000000
0000000000000001100000000000
0000000000000011100000000000
0000000000000111000000000000
0000000000001110000000000000
0000000000001110000000000000
0000000000011100000000000000
0000000000011100000000000000
0000000000111000000000000000
0000000000111000000000000000
0000000001110000111100000000
0000000001110001111100000000
0000000001110011111110000000
0000000001111110001110000000
0000000001111100001110000000
0000000001111100011100000000
0000000001111111111100000000
0000000000111111110000000000
0000000000011111100000000000
0000000000000000000000000000
0000000000000000000000000000
0000000000000000000000000000
0000000000000000000000000000
0000000000000000000000000000
0000000000000000000000000000

Confusion Matrix 7:
                    Predict number 7 Predict not number 7
Is number 7                3361                  2904
Isn't number 7                3607                 50128
Sensitivity (Successfully predict number 7): 0.53647
Specificity (Successfully predict not number 7): 0.93287

Labeled class 7 (from Cluster 6):
0000000000000000000000000000
0000000000000000000000000000
0000000000000000000000000000
0000000000000000000000000000
0000000000000000000000000000
0000000000000000000000000000
0000000000000000000000000000
0000000000000011111000000000
0000000000011111111110000000
0000000000111110011110000000
0000000000111000011110000000
0000000001100000011100000000
0000000001000000011100000000
0000000000000000111000000000
0000000000000001111000000000
0000000000000001110000000000
0000000000000011110000000000
0000000000000011100000000000
0000000000000111000000000000
0000000000000111000000000000
0000000000001110000000000000
0000000000001110000000000000
0000000000011100000000000000
0000000000011100000000000000
0000000000011000000000000000
0000000000000000000000000000
0000000000000000000000000000
0000000000000000000000000000

Confusion Matrix 8:
                    Predict number 8 Predict not number 8
Is number 8                3311                  2540
Isn't number 8                3646                 50503
Sensitivity (Successfully predict number 8): 0.56589
Specificity (Successfully predict not number 8): 0.93267

Labeled class 8 (from Cluster 2):
0000000000000000000000000000
0000000000000000000000000000
0000000000000000000000000000
0000000000000000000000000000
0000000000000000000000000000
0000000000000011110000000000
0000000000001111111100000000
0000000000011111111110000000
0000000000011110001100000000
0000000000111000001100000000
0000000000110000001000000000
0000000000110000011000000000
0000000000111000110000000000
0000000000011111110000000000
0000000000011111100000000000
0000000000001111100000000000
0000000000001111110000000000
0000000000000000110000000000
0000000000000000110000000000
0000000000000000110000000000
0000000000000001110000000000
0000000001100111110000000000
0000000001111111100000000000
0000000001111111000000000000
0000000000000000000000000000
0000000000000000000000000000
0000000000000000000000000000
0000000000000000000000000000

Confusion Matrix 9:
                    Predict number 9 Predict not number 9
Is number 9                2710                  3239
Isn't number 9                4915                 49136
Sensitivity (Successfully predict number 9): 0.45554
Specificity (Successfully predict not number 9): 0.90907

Labeled class 9 (from Cluster 0):
0000000000000000000000000000
0000000000000000000000000000
0000000000000000000000000000
0000000000000000000000000000
0000000000000000000000000000
0000000000000000000000000000
0000000000000000000000000000
0000000000000111000000000000
0000000000111111110000000000
0000000001111000111000000000
0000000001100000111000000000
0000000001100000111000000000
0000000001000000111000000000
0000000001000000111000000000
0000000001000001111000000000
0000000000000001111000000000
0000000000000001111000000000
0000000000000001110000000000
0000000000000001110000000000
0000000000000001110000000000
0000000000000001110000000000
0000000000000001100000000000
0000000000000001100000000000
0000000000000011100000000000
0000000000000001000000000000
0000000000000000000000000000
0000000000000000000000000000
0000000000000000000000000000

Total error rate: 0.4089833333
